Archive member included to satisfy reference by file (symbol)

C:\Users\krist\DOCUME~1\MYPROJ~1\EINK-P~1\Firmware\8MHZ_L~1\ARDUIN~1\ARDUIN~1\Debug\libArduinoCore.a(HardwareSerial.o)
                              epd.o (_ZN14HardwareSerial5writeEh)
C:\Users\krist\DOCUME~1\MYPROJ~1\EINK-P~1\Firmware\8MHZ_L~1\ARDUIN~1\ARDUIN~1\Debug\libArduinoCore.a(HardwareSerial0.o)
                              epd.o (Serial)
C:\Users\krist\DOCUME~1\MYPROJ~1\EINK-P~1\Firmware\8MHZ_L~1\ARDUIN~1\ARDUIN~1\Debug\libArduinoCore.a(main.o)
                              C:/Program Files (x86)/Atmel/Studio/7.0/Packs/atmel/ATmega_DFP/1.6.364/gcc/dev/atmega328p/avr5/crtatmega328p.o (main)
C:\Users\krist\DOCUME~1\MYPROJ~1\EINK-P~1\Firmware\8MHZ_L~1\ARDUIN~1\ARDUIN~1\Debug\libArduinoCore.a(Print.o)
                              C:\Users\krist\DOCUME~1\MYPROJ~1\EINK-P~1\Firmware\8MHZ_L~1\ARDUIN~1\ARDUIN~1\Debug\libArduinoCore.a(HardwareSerial.o) (_ZN5Print5writeEPKhj)
C:\Users\krist\DOCUME~1\MYPROJ~1\EINK-P~1\Firmware\8MHZ_L~1\ARDUIN~1\ARDUIN~1\Debug\libArduinoCore.a(wiring.o)
                              epd.o (delay)
C:\Users\krist\DOCUME~1\MYPROJ~1\EINK-P~1\Firmware\8MHZ_L~1\ARDUIN~1\ARDUIN~1\Debug\libArduinoCore.a(wiring_digital.o)
                              epd.o (pinMode)
C:\Users\krist\DOCUME~1\MYPROJ~1\EINK-P~1\Firmware\8MHZ_L~1\ARDUIN~1\ARDUIN~1\Debug\libArduinoCore.a(WString.o)
                              Sketch.o (_ZN6StringD1Ev)
C:\Users\krist\DOCUME~1\MYPROJ~1\EINK-P~1\Firmware\8MHZ_L~1\ARDUIN~1\ARDUIN~1\Debug\libArduinoCore.a(abi.o)
                              C:\Users\krist\DOCUME~1\MYPROJ~1\EINK-P~1\Firmware\8MHZ_L~1\ARDUIN~1\ARDUIN~1\Debug\libArduinoCore.a(Print.o) (__cxa_pure_virtual)
C:\Users\krist\DOCUME~1\MYPROJ~1\EINK-P~1\Firmware\8MHZ_L~1\ARDUIN~1\ARDUIN~1\Debug\libArduinoCore.a(hooks.o)
                              C:\Users\krist\DOCUME~1\MYPROJ~1\EINK-P~1\Firmware\8MHZ_L~1\ARDUIN~1\ARDUIN~1\Debug\libArduinoCore.a(wiring.o) (yield)
c:/program files (x86)/atmel/studio/7.0/toolchain/avr8/avr8-gnu-toolchain/bin/../lib/gcc/avr/5.4.0/../../../../avr/lib/avr5\libm.a(addsf3.o)
                              C:\Users\krist\DOCUME~1\MYPROJ~1\EINK-P~1\Firmware\8MHZ_L~1\ARDUIN~1\ARDUIN~1\Debug\libArduinoCore.a(Print.o) (__subsf3)
c:/program files (x86)/atmel/studio/7.0/toolchain/avr8/avr8-gnu-toolchain/bin/../lib/gcc/avr/5.4.0/../../../../avr/lib/avr5\libm.a(addsf3x.o)
                              c:/program files (x86)/atmel/studio/7.0/toolchain/avr8/avr8-gnu-toolchain/bin/../lib/gcc/avr/5.4.0/../../../../avr/lib/avr5\libm.a(addsf3.o) (__addsf3x)
c:/program files (x86)/atmel/studio/7.0/toolchain/avr8/avr8-gnu-toolchain/bin/../lib/gcc/avr/5.4.0/../../../../avr/lib/avr5\libm.a(cmpsf2.o)
                              C:\Users\krist\DOCUME~1\MYPROJ~1\EINK-P~1\Firmware\8MHZ_L~1\ARDUIN~1\ARDUIN~1\Debug\libArduinoCore.a(Print.o) (__ltsf2)
c:/program files (x86)/atmel/studio/7.0/toolchain/avr8/avr8-gnu-toolchain/bin/../lib/gcc/avr/5.4.0/../../../../avr/lib/avr5\libm.a(divsf3.o)
                              C:\Users\krist\DOCUME~1\MYPROJ~1\EINK-P~1\Firmware\8MHZ_L~1\ARDUIN~1\ARDUIN~1\Debug\libArduinoCore.a(Print.o) (__divsf3)
c:/program files (x86)/atmel/studio/7.0/toolchain/avr8/avr8-gnu-toolchain/bin/../lib/gcc/avr/5.4.0/../../../../avr/lib/avr5\libm.a(divsf3x.o)
                              c:/program files (x86)/atmel/studio/7.0/toolchain/avr8/avr8-gnu-toolchain/bin/../lib/gcc/avr/5.4.0/../../../../avr/lib/avr5\libm.a(divsf3.o) (__divsf3x)
c:/program files (x86)/atmel/studio/7.0/toolchain/avr8/avr8-gnu-toolchain/bin/../lib/gcc/avr/5.4.0/../../../../avr/lib/avr5\libm.a(fixunssfsi.o)
                              C:\Users\krist\DOCUME~1\MYPROJ~1\EINK-P~1\Firmware\8MHZ_L~1\ARDUIN~1\ARDUIN~1\Debug\libArduinoCore.a(Print.o) (__fixunssfsi)
c:/program files (x86)/atmel/studio/7.0/toolchain/avr8/avr8-gnu-toolchain/bin/../lib/gcc/avr/5.4.0/../../../../avr/lib/avr5\libm.a(floatsisf.o)
                              C:\Users\krist\DOCUME~1\MYPROJ~1\EINK-P~1\Firmware\8MHZ_L~1\ARDUIN~1\ARDUIN~1\Debug\libArduinoCore.a(Print.o) (__floatunsisf)
c:/program files (x86)/atmel/studio/7.0/toolchain/avr8/avr8-gnu-toolchain/bin/../lib/gcc/avr/5.4.0/../../../../avr/lib/avr5\libm.a(fp_cmp.o)
                              c:/program files (x86)/atmel/studio/7.0/toolchain/avr8/avr8-gnu-toolchain/bin/../lib/gcc/avr/5.4.0/../../../../avr/lib/avr5\libm.a(cmpsf2.o) (__fp_cmp)
c:/program files (x86)/atmel/studio/7.0/toolchain/avr8/avr8-gnu-toolchain/bin/../lib/gcc/avr/5.4.0/../../../../avr/lib/avr5\libm.a(fp_inf.o)
                              c:/program files (x86)/atmel/studio/7.0/toolchain/avr8/avr8-gnu-toolchain/bin/../lib/gcc/avr/5.4.0/../../../../avr/lib/avr5\libm.a(addsf3x.o) (__fp_inf)
c:/program files (x86)/atmel/studio/7.0/toolchain/avr8/avr8-gnu-toolchain/bin/../lib/gcc/avr/5.4.0/../../../../avr/lib/avr5\libm.a(fp_nan.o)
[...]
Memory Configuration

Name             Origin             Length             Attributes
text             0x00000000         0x00008000         xr
data             0x00800060         0x00000800         rw !x
eeprom           0x00810000         0x00000400         rw !x
fuse             0x00820000         0x00000003         rw !x
lock             0x00830000         0x00000400         rw !x
signature        0x00840000         0x00000400         rw !x
user_signatures  0x00850000         0x00000400         rw !x
*default*        0x00000000         0xffffffff

Linker script and memory map

Address of section .data set to 0x800100
LOAD C:/Program Files (x86)/Atmel/Studio/7.0/Packs/atmel/ATmega_DFP/1.6.364/gcc/dev/atmega328p/avr5/crtatmega328p.o
LOAD epd.o
LOAD LowPower.o
LOAD Sketch.o
START GROUP
LOAD c:/program files (x86)/atmel/studio/7.0/toolchain/avr8/avr8-gnu-toolchain/bin/../lib/gcc/avr/5.4.0/../../../../avr/lib/avr5\libm.a
LOAD C:\Users\krist\DOCUME~1\MYPROJ~1\EINK-P~1\Firmware\8MHZ_L~1\ARDUIN~1\ARDUIN~1\Debug\libArduinoCore.a
END GROUP
LOAD c:/program files (x86)/atmel/studio/7.0/toolchain/avr8/avr8-gnu-toolchain/bin/../lib/gcc/avr/5.4.0/avr5\libgcc.a
LOAD c:/program files (x86)/atmel/studio/7.0/toolchain/avr8/avr8-gnu-toolchain/bin/../lib/gcc/avr/5.4.0/../../../../avr/lib/avr5\libm.a
START GROUP
LOAD c:/program files (x86)/atmel/studio/7.0/toolchain/avr8/avr8-gnu-toolchain/bin/../lib/gcc/avr/5.4.0/avr5\libgcc.a
LOAD c:/program files (x86)/atmel/studio/7.0/toolchain/avr8/avr8-gnu-toolchain/bin/../lib/gcc/avr/5.4.0/../../../../avr/lib/avr5\libm.a
LOAD c:/program files (x86)/atmel/studio/7.0/toolchain/avr8/avr8-gnu-toolchain/bin/../lib/gcc/avr/5.4.0/../../../../avr/lib/avr5\libc.a
LOAD C:/Program Files (x86)/Atmel/Studio/7.0/Packs/atmel/ATmega_DFP/1.6.364/gcc/dev/atmega328p/avr5\libatmega328p.a
END GROUP
                [0x00008000]                __TEXT_REGION_LENGTH__ = DEFINED (__TEXT_REGION_LENGTH__)?__TEXT_REGION_LENGTH__:0x20000
                [0x00000800]                __DATA_REGION_LENGTH__ = DEFINED (__DATA_REGION_LENGTH__)?__DATA_REGION_LENGTH__:0xffa0
                [0x00000400]                __EEPROM_REGION_LENGTH__ = DEFINED (__EEPROM_REGION_LENGTH__)?__EEPROM_REGION_LENGTH__:0x10000
                [0x00000003]                __FUSE_REGION_LENGTH__ = DEFINED (__FUSE_REGION_LENGTH__)?__FUSE_REGION_LENGTH__:0x400
                0x00000400                __LOCK_REGION_LENGTH__ = DEFINED (__LOCK_REGION_LENGTH__)?__LOCK_REGION_LENGTH__:0x400
                0x00000400                __SIGNATURE_REGION_LENGTH__ = DEFINED (__SIGNATURE_REGION_LENGTH__)?__SIGNATURE_REGION_LENGTH__:0x400
                0x00000400                __USER_SIGNATURE_REGION_LENGTH__ = DEFINED (__USER_SIGNATURE_REGION_LENGTH__)?__USER_SIGNATURE_REGION_LENGTH__:0x400

.hash
 *(.hash)

.dynsym
 *(.dynsym)

.dynstr
 *(.dynstr)

.gnu.version
 *(.gnu.version)

.gnu.version_d
 *(.gnu.version_d)

.gnu.version_r
 *(.gnu.version_r)

.rel.init
 *(.rel.init)

.rela.init
 *(.rela.init)

.rel.text
 *(.rel.text)
 *(.rel.text.*)
 *(.rel.gnu.linkonce.t*)

.rela.text
 *(.rela.text)
 *(.rela.text.*)
 *(.rela.gnu.linkonce.t*)

.rel.fini
 *(.rel.fini)

.rela.fini
 *(.rela.fini)

.rel.rodata
 *(.rel.rodata)
 *(.rel.rodata.*)
 *(.rel.gnu.linkonce.r*)

.rela.rodata
 *(.rela.rodata)
 *(.rela.rodata.*)
 *(.rela.gnu.linkonce.r*)

.rel.data
 *(.rel.data)
 *(.rel.data.*)
 *(.rel.gnu.linkonce.d*)

.rela.data
 *(.rela.data)
 *(.rela.data.*)
 *(.rela.gnu.linkonce.d*)

.rel.ctors
 *(.rel.ctors)

.rela.ctors
 *(.rela.ctors)

.rel.dtors
 *(.rel.dtors)

.rela.dtors
 *(.rela.dtors)

.rel.got
 *(.rel.got)

.rela.got
 *(.rela.got)

.rel.bss
 *(.rel.bss)

.rela.bss
 *(.rela.bss)

.rel.plt
 *(.rel.plt)

.rela.plt
 *(.rela.plt)

.text           0x00000000     0x11b8
 *(.vectors)
 .vectors       0x00000000       0x68 C:/Program Files (x86)/Atmel/Studio/7.0/Packs/atmel/ATmega_DFP/1.6.364/gcc/dev/atmega328p/avr5/crtatmega328p.o
                0x00000000                __vector_default
                0x00000000                __vectors
 *(.vectors)
 *(.progmem.gcc*)
                0x00000068                . = ALIGN (0x2)
                0x00000068                __trampolines_start = .
 *(.trampolines)
 .trampolines   0x00000068        0x0 linker stubs
 *(.trampolines*)
                0x00000068                __trampolines_end = .
 *libprintf_flt.a:*(.progmem.data)
 *libc.a:*(.progmem.data)
 *(.progmem*)
 .progmem.data.digital_pin_to_timer_PGM
                0x00000068       0x14 C:\Users\krist\DOCUME~1\MYPROJ~1\EINK-P~1\Firmware\8MHZ_L~1\ARDUIN~1\ARDUIN~1\Debug\libArduinoCore.a(wiring_digital.o)
                0x00000068                digital_pin_to_timer_PGM
 .progmem.data.digital_pin_to_bit_mask_PGM
                0x0000007c       0x14 C:\Users\krist\DOCUME~1\MYPROJ~1\EINK-P~1\Firmware\8MHZ_L~1\ARDUIN~1\ARDUIN~1\Debug\libArduinoCore.a(wiring_digital.o)
                0x0000007c                digital_pin_to_bit_mask_PGM
 .progmem.data.digital_pin_to_port_PGM
                0x00000090       0x14 C:\Users\krist\DOCUME~1\MYPROJ~1\EINK-P~1\Firmware\8MHZ_L~1\ARDUIN~1\ARDUIN~1\Debug\libArduinoCore.a(wiring_digital.o)
                0x00000090                digital_pin_to_port_PGM
 .progmem.data.port_to_output_PGM
                0x000000a4        0xa C:\Users\krist\DOCUME~1\MYPROJ~1\EINK-P~1\Firmware\8MHZ_L~1\ARDUIN~1\ARDUIN~1\Debug\libArduinoCore.a(wiring_digital.o)
                0x000000a4                port_to_output_PGM
 .progmem.data.port_to_mode_PGM
                0x000000ae        0xa C:\Users\krist\DOCUME~1\MYPROJ~1\EINK-P~1\Firmware\8MHZ_L~1\ARDUIN~1\ARDUIN~1\Debug\libArduinoCore.a(wiring_digital.o)
                0x000000ae                port_to_mode_PGM
                0x000000b8                . = ALIGN (0x2)
 *(.jumptables)
 *(.jumptables*)
 *(.lowtext)
 *(.lowtext*)
                0x000000b8                __ctors_start = .
 *(.ctors)
 .ctors         0x000000b8        0x2 Sketch.o
 .ctors         0x000000ba        0x2 C:\Users\krist\DOCUME~1\MYPROJ~1\EINK-P~1\Firmware\8MHZ_L~1\ARDUIN~1\ARDUIN~1\Debug\libArduinoCore.a(HardwareSerial0.o)
                0x000000bc                __ctors_end = .
                0x000000bc                __dtors_start = .
 *(.dtors)
 .dtors         0x000000bc        0x2 Sketch.o
                0x000000be                __dtors_end = .
 SORT(*)(.ctors)
 SORT(*)(.dtors)
 *(.init0)
 .init0         0x000000be        0x0 C:/Program Files (x86)/Atmel/Studio/7.0/Packs/atmel/ATmega_DFP/1.6.364/gcc/dev/atmega328p/avr5/crtatmega328p.o
                0x000000be                __init
 *(.init0)
 *(.init1)
 *(.init1)
 *(.init2)
 .init2         0x000000be        0xc C:/Program Files (x86)/Atmel/Studio/7.0/Packs/atmel/ATmega_DFP/1.6.364/gcc/dev/atmega328p/avr5/crtatmega328p.o
 *(.init2)
 *(.init3)
 *(.init3)
 *(.init4)
 .init4         0x000000ca       0x16 c:/program files (x86)/atmel/studio/7.0/toolchain/avr8/avr8-gnu-toolchain/bin/../lib/gcc/avr/5.4.0/avr5\libgcc.a(_copy_data.o)
                0x000000ca                __do_copy_data
 .init4         0x000000e0       0x10 c:/program files (x86)/atmel/studio/7.0/toolchain/avr8/avr8-gnu-toolchain/bin/../lib/gcc/avr/5.4.0/avr5\libgcc.a(_clear_bss.o)
                0x000000e0                __do_clear_bss
 *(.init4)
 *(.init5)
 *(.init5)
 *(.init6)
 .init6         0x000000f0       0x16 c:/program files (x86)/atmel/studio/7.0/toolchain/avr8/avr8-gnu-toolchain/bin/../lib/gcc/avr/5.4.0/avr5\libgcc.a(_ctors.o)
                0x000000f0                __do_global_ctors
 *(.init6)
 *(.init7)
 *(.init7)
 *(.init8)
 *(.init8)
 *(.init9)
 .init9         0x00000106        0x8 C:/Program Files (x86)/Atmel/Studio/7.0/Packs/atmel/ATmega_DFP/1.6.364/gcc/dev/atmega328p/avr5/crtatmega328p.o
 *(.init9)
 *(.text)
 .text          0x0000010e        0x4 C:/Program Files (x86)/Atmel/Studio/7.0/Packs/atmel/ATmega_DFP/1.6.364/gcc/dev/atmega328p/avr5/crtatmega328p.o
                0x0000010e                __vector_22
                0x0000010e                __vector_1
                0x0000010e                __vector_24
                0x0000010e                __vector_12
                0x0000010e                __bad_interrupt
                0x0000010e                __vector_3
                0x0000010e                __vector_23
                0x0000010e                __vector_25
                0x0000010e                __vector_11
                0x0000010e                __vector_13
                0x0000010e                __vector_17
                0x0000010e                __vector_7
                0x0000010e                __vector_5
                0x0000010e                __vector_4
                0x0000010e                __vector_9
                0x0000010e                __vector_2
                0x0000010e                __vector_21
                0x0000010e                __vector_15
                0x0000010e                __vector_8
                0x0000010e                __vector_14
                0x0000010e                __vector_10
                0x0000010e                __vector_20
                0x00000112                . = ALIGN (0x2)
 *(.text.*)
 .text._ZL7_verifyPKvi.constprop.0
                0x00000112       0x1c epd.o
 .text._Z10epd_wakeupi
                0x0000012e       0x38 epd.o
                0x0000012e                _Z10epd_wakeupi
 .text._ZL9_putcharsPKhi.constprop.1
                0x00000166       0x30 epd.o
 .text._Z15epd_disp_stringPKvii
                0x00000196       0x70 epd.o
                0x00000196                _Z15epd_disp_stringPKvii
 .text._Z9epd_clearv
                0x00000206       0x3c epd.o
                0x00000206                _Z9epd_clearv
 .text._Z15epd_set_ch_fonth
                0x00000242       0x3e epd.o
                0x00000242                _Z15epd_set_ch_fonth
 .text._Z15epd_set_en_fonth
                0x00000280       0x3e epd.o
                0x00000280                _Z15epd_set_en_fonth
 .text._Z13epd_set_colorhh
                0x000002be       0x40 epd.o
                0x000002be                _Z13epd_set_colorhh
 .text._Z10epd_udpatev
                0x000002fe       0x26 epd.o
                0x000002fe                _Z10epd_udpatev
 .text._Z14epd_set_memoryh
                0x00000324       0x3e epd.o
                0x00000324                _Z14epd_set_memoryh
 .text.__vector_6
                0x00000362       0x2e LowPower.o
                0x00000362                __vector_6
 .text.setup    0x00000390      0x120 Sketch.o
                0x00000390                setup
 .text.loop     0x000004b0        0x2 Sketch.o
                0x000004b0                loop
 .text.startup._GLOBAL__sub_I_rxTimeout
                0x000004b2        0xc Sketch.o
 .text.exit._GLOBAL__sub_D_rxTimeout
                0x000004be        0x8 Sketch.o
 .text._ZN14HardwareSerial9availableEv
                0x000004c6       0x18 C:\Users\krist\DOCUME~1\MYPROJ~1\EINK-P~1\Firmware\8MHZ_L~1\ARDUIN~1\ARDUIN~1\Debug\libArduinoCore.a(HardwareSerial.o)
                0x000004c6                _ZN14HardwareSerial9availableEv
 .text._ZN14HardwareSerial4peekEv
                0x000004de       0x1c C:\Users\krist\DOCUME~1\MYPROJ~1\EINK-P~1\Firmware\8MHZ_L~1\ARDUIN~1\ARDUIN~1\Debug\libArduinoCore.a(HardwareSerial.o)
                0x000004de                _ZN14HardwareSerial4peekEv
 .text._ZN14HardwareSerial4readEv
                0x000004fa       0x28 C:\Users\krist\DOCUME~1\MYPROJ~1\EINK-P~1\Firmware\8MHZ_L~1\ARDUIN~1\ARDUIN~1\Debug\libArduinoCore.a(HardwareSerial.o)
                0x000004fa                _ZN14HardwareSerial4readEv
 .text._ZN14HardwareSerial17availableForWriteEv
                0x00000522       0x1e C:\Users\krist\DOCUME~1\MYPROJ~1\EINK-P~1\Firmware\8MHZ_L~1\ARDUIN~1\ARDUIN~1\Debug\libArduinoCore.a(HardwareSerial.o)
                0x00000522                _ZN14HardwareSerial17availableForWriteEv
 .text._Z14serialEventRunv
                0x00000540       0x1c C:\Users\krist\DOCUME~1\MYPROJ~1\EINK-P~1\Firmware\8MHZ_L~1\ARDUIN~1\ARDUIN~1\Debug\libArduinoCore.a(HardwareSerial.o)
                0x00000540                _Z14serialEventRunv
 .text._ZN14HardwareSerial17_tx_udr_empty_irqEv
                0x0000055c       0x44 C:\Users\krist\DOCUME~1\MYPROJ~1\EINK-P~1\Firmware\8MHZ_L~1\ARDUIN~1\ARDUIN~1\Debug\libArduinoCore.a(HardwareSerial.o)
                0x0000055c                _ZN14HardwareSerial17_tx_udr_empty_irqEv
 .text._ZN14HardwareSerial5writeEh
                0x000005a0       0x9a C:\Users\krist\DOCUME~1\MYPROJ~1\EINK-P~1\Firmware\8MHZ_L~1\ARDUIN~1\ARDUIN~1\Debug\libArduinoCore.a(HardwareSerial.o)
                0x000005a0                _ZN14HardwareSerial5writeEh
 .text._ZN14HardwareSerial5flushEv
                0x0000063a       0x44 C:\Users\krist\DOCUME~1\MYPROJ~1\EINK-P~1\Firmware\8MHZ_L~1\ARDUIN~1\ARDUIN~1\Debug\libArduinoCore.a(HardwareSerial.o)
                0x0000063a                _ZN14HardwareSerial5flushEv
 .text._ZN14HardwareSerial5beginEmh
                0x0000067e       0xca C:\Users\krist\DOCUME~1\MYPROJ~1\EINK-P~1\Firmware\8MHZ_L~1\ARDUIN~1\ARDUIN~1\Debug\libArduinoCore.a(HardwareSerial.o)
                0x0000067e                _ZN14HardwareSerial5beginEmh
 .text.__vector_18
                0x00000748       0x64 C:\Users\krist\DOCUME~1\MYPROJ~1\EINK-P~1\Firmware\8MHZ_L~1\ARDUIN~1\ARDUIN~1\Debug\libArduinoCore.a(HardwareSerial0.o)
                0x00000748                __vector_18
 .text.__vector_19
                0x000007ac       0x4c C:\Users\krist\DOCUME~1\MYPROJ~1\EINK-P~1\Firmware\8MHZ_L~1\ARDUIN~1\ARDUIN~1\Debug\libArduinoCore.a(HardwareSerial0.o)
                0x000007ac                __vector_19
 .text._Z17Serial0_availablev
                0x000007f8       0x14 C:\Users\krist\DOCUME~1\MYPROJ~1\EINK-P~1\Firmware\8MHZ_L~1\ARDUIN~1\ARDUIN~1\Debug\libArduinoCore.a(HardwareSerial0.o)
                0x000007f8                _Z17Serial0_availablev
 .text.startup._GLOBAL__sub_I___vector_18
                0x0000080c       0x5a C:\Users\krist\DOCUME~1\MYPROJ~1\EINK-P~1\Firmware\8MHZ_L~1\ARDUIN~1\ARDUIN~1\Debug\libArduinoCore.a(HardwareSerial0.o)
 .text.initVariant
                0x00000866        0x2 C:\Users\krist\DOCUME~1\MYPROJ~1\EINK-P~1\Firmware\8MHZ_L~1\ARDUIN~1\ARDUIN~1\Debug\libArduinoCore.a(main.o)
                0x00000866                initVariant
 .text.startup.main
                0x00000868       0x1e C:\Users\krist\DOCUME~1\MYPROJ~1\EINK-P~1\Firmware\8MHZ_L~1\ARDUIN~1\ARDUIN~1\Debug\libArduinoCore.a(main.o)
                0x00000868                main
 .text._ZN5Print5writeEPKhj
                0x00000886       0x54 C:\Users\krist\DOCUME~1\MYPROJ~1\EINK-P~1\Firmware\8MHZ_L~1\ARDUIN~1\ARDUIN~1\Debug\libArduinoCore.a(Print.o)
                0x00000886                _ZN5Print5writeEPKhj
 .text.__vector_16
                0x000008da       0x94 C:\Users\krist\DOCUME~1\MYPROJ~1\EINK-P~1\Firmware\8MHZ_L~1\ARDUIN~1\ARDUIN~1\Debug\libArduinoCore.a(wiring.o)
                0x000008da                __vector_16
 .text.micros   0x0000096e       0x4a C:\Users\krist\DOCUME~1\MYPROJ~1\EINK-P~1\Firmware\8MHZ_L~1\ARDUIN~1\ARDUIN~1\Debug\libArduinoCore.a(wiring.o)
                0x0000096e                micros
 .text.delay    0x000009b8       0x78 C:\Users\krist\DOCUME~1\MYPROJ~1\EINK-P~1\Firmware\8MHZ_L~1\ARDUIN~1\ARDUIN~1\Debug\libArduinoCore.a(wiring.o)
                0x000009b8                delay
 .text.delayMicroseconds
                0x00000a30       0x16 C:\Users\krist\DOCUME~1\MYPROJ~1\EINK-P~1\Firmware\8MHZ_L~1\ARDUIN~1\ARDUIN~1\Debug\libArduinoCore.a(wiring.o)
                0x00000a30                delayMicroseconds
 .text.init     0x00000a46       0x76 C:\Users\krist\DOCUME~1\MYPROJ~1\EINK-P~1\Firmware\8MHZ_L~1\ARDUIN~1\ARDUIN~1\Debug\libArduinoCore.a(wiring.o)
                0x00000a46                init
 .text.turnOffPWM
                0x00000abc       0x52 C:\Users\krist\DOCUME~1\MYPROJ~1\EINK-P~1\Firmware\8MHZ_L~1\ARDUIN~1\ARDUIN~1\Debug\libArduinoCore.a(wiring_digital.o)
 .text.pinMode  0x00000b0e       0x78 C:\Users\krist\DOCUME~1\MYPROJ~1\EINK-P~1\Firmware\8MHZ_L~1\ARDUIN~1\ARDUIN~1\Debug\libArduinoCore.a(wiring_digital.o)
                0x00000b0e                pinMode
 .text.digitalWrite
                0x00000b86       0x5e C:\Users\krist\DOCUME~1\MYPROJ~1\EINK-P~1\Firmware\8MHZ_L~1\ARDUIN~1\ARDUIN~1\Debug\libArduinoCore.a(wiring_digital.o)
                0x00000b86                digitalWrite
 .text._ZN6StringD2Ev
                0x00000be4       0x10 C:\Users\krist\DOCUME~1\MYPROJ~1\EINK-P~1\Firmware\8MHZ_L~1\ARDUIN~1\ARDUIN~1\Debug\libArduinoCore.a(WString.o)
                0x00000be4                _ZN6StringD2Ev
                0x00000be4                _ZN6StringD1Ev
 .text._ZN6String10invalidateEv
                0x00000bf4       0x24 C:\Users\krist\DOCUME~1\MYPROJ~1\EINK-P~1\Firmware\8MHZ_L~1\ARDUIN~1\ARDUIN~1\Debug\libArduinoCore.a(WString.o)
                0x00000bf4                _ZN6String10invalidateEv
 .text._ZN6String12changeBufferEj
                0x00000c18       0x34 C:\Users\krist\DOCUME~1\MYPROJ~1\EINK-P~1\Firmware\8MHZ_L~1\ARDUIN~1\ARDUIN~1\Debug\libArduinoCore.a(WString.o)
                0x00000c18                _ZN6String12changeBufferEj
 .text._ZN6String7reserveEj
                0x00000c4c       0x38 C:\Users\krist\DOCUME~1\MYPROJ~1\EINK-P~1\Firmware\8MHZ_L~1\ARDUIN~1\ARDUIN~1\Debug\libArduinoCore.a(WString.o)
                0x00000c4c                _ZN6String7reserveEj
 .text._ZN6String4copyEPKcj
                0x00000c84       0x42 C:\Users\krist\DOCUME~1\MYPROJ~1\EINK-P~1\Firmware\8MHZ_L~1\ARDUIN~1\ARDUIN~1\Debug\libArduinoCore.a(WString.o)
                0x00000c84                _ZN6String4copyEPKcj
 .text._ZN6StringC2EPKc
                0x00000cc6       0x2a C:\Users\krist\DOCUME~1\MYPROJ~1\EINK-P~1\Firmware\8MHZ_L~1\ARDUIN~1\ARDUIN~1\Debug\libArduinoCore.a(WString.o)
                0x00000cc6                _ZN6StringC2EPKc
                0x00000cc6                _ZN6StringC1EPKc
 .text.__empty  0x00000cf0        0x2 C:\Users\krist\DOCUME~1\MYPROJ~1\EINK-P~1\Firmware\8MHZ_L~1\ARDUIN~1\ARDUIN~1\Debug\libArduinoCore.a(hooks.o)
                0x00000cf0                yield
 .text.libgcc.div
                0x00000cf2       0x44 c:/program files (x86)/atmel/studio/7.0/toolchain/avr8/avr8-gnu-toolchain/bin/../lib/gcc/avr/5.4.0/avr5\libgcc.a(_udivmodsi4.o)
                0x00000cf2                __udivmodsi4
 .text.libgcc   0x00000d36        0xc c:/program files (x86)/atmel/studio/7.0/toolchain/avr8/avr8-gnu-toolchain/bin/../lib/gcc/avr/5.4.0/avr5\libgcc.a(_tablejump2.o)
                0x00000d36                __tablejump2__
 .text.avr-libc
                0x00000d42      0x242 c:/program files (x86)/atmel/studio/7.0/toolchain/avr8/avr8-gnu-toolchain/bin/../lib/gcc/avr/5.4.0/../../../../avr/lib/avr5\libc.a(malloc.o)
                0x00000d42                malloc
                0x00000e72                free
 .text.avr-libc
                0x00000f84      0x18c c:/program files (x86)/atmel/studio/7.0/toolchain/avr8/avr8-gnu-toolchain/bin/../lib/gcc/avr/5.4.0/../../../../avr/lib/avr5\libc.a(realloc.o)
                0x00000f84                realloc
 .text.avr-libc
                0x00001110       0x12 c:/program files (x86)/atmel/studio/7.0/toolchain/avr8/avr8-gnu-toolchain/bin/../lib/gcc/avr/5.4.0/../../../../avr/lib/avr5\libc.a(memcpy.o)
                0x00001110                memcpy
 .text.avr-libc
                0x00001122        0xe c:/program files (x86)/atmel/studio/7.0/toolchain/avr8/avr8-gnu-toolchain/bin/../lib/gcc/avr/5.4.0/../../../../avr/lib/avr5\libc.a(strcpy.o)
                0x00001122                strcpy
 .text.libgcc.prologue
                0x00001130       0x38 c:/program files (x86)/atmel/studio/7.0/toolchain/avr8/avr8-gnu-toolchain/bin/../lib/gcc/avr/5.4.0/avr5\libgcc.a(_prologue.o)
                0x00001130                __prologue_saves__
 .text.libgcc.prologue
                0x00001168       0x36 c:/program files (x86)/atmel/studio/7.0/toolchain/avr8/avr8-gnu-toolchain/bin/../lib/gcc/avr/5.4.0/avr5\libgcc.a(_epilogue.o)
                0x00001168                __epilogue_restores__
                0x0000119e                . = ALIGN (0x2)
 *(.fini9)
 .fini9         0x0000119e        0x0 c:/program files (x86)/atmel/studio/7.0/toolchain/avr8/avr8-gnu-toolchain/bin/../lib/gcc/avr/5.4.0/avr5\libgcc.a(_exit.o)
                0x0000119e                _exit
                0x0000119e                exit
 *(.fini9)
 *(.fini8)
 *(.fini8)
 *(.fini7)
 *(.fini7)
 *(.fini6)
 .fini6         0x0000119e       0x16 c:/program files (x86)/atmel/studio/7.0/toolchain/avr8/avr8-gnu-toolchain/bin/../lib/gcc/avr/5.4.0/avr5\libgcc.a(_dtors.o)
                0x0000119e                __do_global_dtors
 *(.fini6)
 *(.fini5)
 *(.fini5)
 *(.fini4)
 *(.fini4)
 *(.fini3)
 *(.fini3)
 *(.fini2)
 *(.fini2)
 *(.fini1)
 *(.fini1)
 *(.fini0)
 .fini0         0x000011b4        0x4 c:/program files (x86)/atmel/studio/7.0/toolchain/avr8/avr8-gnu-toolchain/bin/../lib/gcc/avr/5.4.0/avr5\libgcc.a(_exit.o)
 *(.fini0)
                0x000011b8                _etext = .

.data           0x00800100       0x42 load address 0x000011b8
                0x00800100                PROVIDE (__data_start, .)
 *(.data)
 .data          0x00800100        0x6 c:/program files (x86)/atmel/studio/7.0/toolchain/avr8/avr8-gnu-toolchain/bin/../lib/gcc/avr/5.4.0/../../../../avr/lib/avr5\libc.a(malloc.o)
                0x00800100                __malloc_heap_end
                0x00800102                __malloc_heap_start
                0x00800104                __malloc_margin
 *(.data*)
 *(.gnu.linkonce.d*)
 *(.rodata)
 *(.rodata*)
 .rodata._ZL11_cmd_update
                0x00800106        0x8 epd.o
 .rodata.str1.1
                0x0080010e       0x21 Sketch.o
                                 0x22 (size before relaxing)
 .rodata._ZTV14HardwareSerial
                0x0080012f       0x12 C:\Users\krist\DOCUME~1\MYPROJ~1\EINK-P~1\Firmware\8MHZ_L~1\ARDUIN~1\ARDUIN~1\Debug\libArduinoCore.a(HardwareSerial.o)
                0x0080012f                _ZTV14HardwareSerial
 *(.gnu.linkonce.r*)
                0x00800142                . = ALIGN (0x2)
 *fill*         0x00800141        0x1 
                0x00800142                _edata = .
                0x00800142                PROVIDE (__data_end, .)

.bss            0x00800142      0x2b0
                0x00800142                PROVIDE (__bss_start, .)
 *(.bss)
 *(.bss*)
 .bss._ZL9_cmd_buff
                0x00800142      0x200 epd.o
 .bss.message   0x00800342        0x6 Sketch.o
                0x00800342                message
 .bss.Serial    0x00800348       0x9d C:\Users\krist\DOCUME~1\MYPROJ~1\EINK-P~1\Firmware\8MHZ_L~1\ARDUIN~1\ARDUIN~1\Debug\libArduinoCore.a(HardwareSerial0.o)
                0x00800348                Serial
 .bss.timer0_fract
                0x008003e5        0x1 C:\Users\krist\DOCUME~1\MYPROJ~1\EINK-P~1\Firmware\8MHZ_L~1\ARDUIN~1\ARDUIN~1\Debug\libArduinoCore.a(wiring.o)
 .bss.timer0_millis
                0x008003e6        0x4 C:\Users\krist\DOCUME~1\MYPROJ~1\EINK-P~1\Firmware\8MHZ_L~1\ARDUIN~1\ARDUIN~1\Debug\libArduinoCore.a(wiring.o)
                0x008003e6                timer0_millis
 .bss.timer0_overflow_count
                0x008003ea        0x4 C:\Users\krist\DOCUME~1\MYPROJ~1\EINK-P~1\Firmware\8MHZ_L~1\ARDUIN~1\ARDUIN~1\Debug\libArduinoCore.a(wiring.o)
                0x008003ea                timer0_overflow_count
 *(COMMON)
 COMMON         0x008003ee        0x4 c:/program files (x86)/atmel/studio/7.0/toolchain/avr8/avr8-gnu-toolchain/bin/../lib/gcc/avr/5.4.0/../../../../avr/lib/avr5\libc.a(malloc.o)
                0x008003ee                __brkval
                0x008003f0                __flp
                0x008003f2                PROVIDE (__bss_end, .)
                0x000011b8                __data_load_start = LOADADDR (.data)
                0x000011fa                __data_load_end = (__data_load_start + SIZEOF (.data))

.noinit         0x008003f2        0x0
                [!provide]                PROVIDE (__noinit_start, .)
 *(.noinit*)
                [!provide]                PROVIDE (__noinit_end, .)
                0x008003f2                _end = .
                0x008003f2                PROVIDE (__heap_start, .)

.eeprom         0x00810000        0x0
 *(.eeprom*)
                0x00810000                __eeprom_end = .

.fuse
 *(.fuse)
 *(.lfuse)
 *(.hfuse)
 *(.efuse)

.lock
 *(.lock*)

.signature
 *(.signature*)

.user_signatures
 *(.user_signatures*)

.stab
 *(.stab)

.stabstr
 *(.stabstr)

.stab.excl
 *(.stab.excl)

.stab.exclstr
 *(.stab.exclstr)

.stab.index
 *(.stab.index)

.stab.indexstr
 *(.stab.indexstr)

.comment        0x00000000       0x60
 *(.comment)
 .comment       0x00000000       0x30 epd.o
                                 0x31 (size before relaxing)
 .comment       0x00000030       0x30 LowPower.o
                                 0x31 (size before relaxing)
 .comment       0x00000060       0x31 Sketch.o
 .comment       0x00000060       0x31 C:\Users\krist\DOCUME~1\MYPROJ~1\EINK-P~1\Firmware\8MHZ_L~1\ARDUIN~1\ARDUIN~1\Debug\libArduinoCore.a(HardwareSerial.o)
 .comment       0x00000060       0x31 C:\Users\krist\DOCUME~1\MYPROJ~1\EINK-P~1\Firmware\8MHZ_L~1\ARDUIN~1\ARDUIN~1\Debug\libArduinoCore.a(HardwareSerial0.o)
 .comment       0x00000060       0x31 C:\Users\krist\DOCUME~1\MYPROJ~1\EINK-P~1\Firmware\8MHZ_L~1\ARDUIN~1\ARDUIN~1\Debug\libArduinoCore.a(main.o)
 .comment       0x00000060       0x31 C:\Users\krist\DOCUME~1\MYPROJ~1\EINK-P~1\Firmware\8MHZ_L~1\ARDUIN~1\ARDUIN~1\Debug\libArduinoCore.a(Print.o)
 .comment       0x00000060       0x31 C:\Users\krist\DOCUME~1\MYPROJ~1\EINK-P~1\Firmware\8MHZ_L~1\ARDUIN~1\ARDUIN~1\Debug\libArduinoCore.a(wiring.o)
 .comment       0x00000060       0x31 C:\Users\krist\DOCUME~1\MYPROJ~1\EINK-P~1\Firmware\8MHZ_L~1\ARDUIN~1\ARDUIN~1\Debug\libArduinoCore.a(wiring_digital.o)
 .comment       0x00000060       0x31 C:\Users\krist\DOCUME~1\MYPROJ~1\EINK-P~1\Firmware\8MHZ_L~1\ARDUIN~1\ARDUIN~1\Debug\libArduinoCore.a(WString.o)
 .comment       0x00000060       0x31 C:\Users\krist\DOCUME~1\MYPROJ~1\EINK-P~1\Firmware\8MHZ_L~1\ARDUIN~1\ARDUIN~1\Debug\libArduinoCore.a(hooks.o)
 .comment       0x00000060       0x31 c:/program files (x86)/atmel/studio/7.0/toolchain/avr8/avr8-gnu-toolchain/bin/../lib/gcc/avr/5.4.0/../../../../avr/lib/avr5\libc.a(malloc.o)
 .comment       0x00000060       0x31 c:/program files (x86)/atmel/studio/7.0/toolchain/avr8/avr8-gnu-toolchain/bin/../lib/gcc/avr/5.4.0/../../../../avr/lib/avr5\libc.a(realloc.o)

.note.gnu.avr.deviceinfo
                0x00000000       0x40
 .note.gnu.avr.deviceinfo
                0x00000000       0x40 C:/Program Files (x86)/Atmel/Studio/7.0/Packs/atmel/ATmega_DFP/1.6.364/gcc/dev/atmega328p/avr5/crtatmega328p.o

.note.gnu.build-id
 *(.note.gnu.build-id)

.debug
 *(.debug)

.line
 *(.line)

.debug_srcinfo
 *(.debug_srcinfo)

.debug_sfnames
 *(.debug_sfnames)

.debug_aranges  0x00000000      0x6b8
 *(.debug_aranges)
 .debug_aranges
                0x00000000       0xf8 epd.o
 .debug_aranges
                0x000000f8       0x50 LowPower.o
 .debug_aranges
                0x00000148       0x38 Sketch.o
 .debug_aranges
                0x00000180       0x68 C:\Users\krist\DOCUME~1\MYPROJ~1\EINK-P~1\Firmware\8MHZ_L~1\ARDUIN~1\ARDUIN~1\Debug\libArduinoCore.a(HardwareSerial.o)
 .debug_aranges
                0x000001e8       0x48 C:\Users\krist\DOCUME~1\MYPROJ~1\EINK-P~1\Firmware\8MHZ_L~1\ARDUIN~1\ARDUIN~1\Debug\libArduinoCore.a(HardwareSerial0.o)
 .debug_aranges
                0x00000230       0x30 C:\Users\krist\DOCUME~1\MYPROJ~1\EINK-P~1\Firmware\8MHZ_L~1\ARDUIN~1\ARDUIN~1\Debug\libArduinoCore.a(main.o)
 .debug_aranges
                0x00000260      0x100 C:\Users\krist\DOCUME~1\MYPROJ~1\EINK-P~1\Firmware\8MHZ_L~1\ARDUIN~1\ARDUIN~1\Debug\libArduinoCore.a(Print.o)
 .debug_aranges
                0x00000360       0x48 C:\Users\krist\DOCUME~1\MYPROJ~1\EINK-P~1\Firmware\8MHZ_L~1\ARDUIN~1\ARDUIN~1\Debug\libArduinoCore.a(wiring.o)
 .debug_aranges
                0x000003a8       0x38 C:\Users\krist\DOCUME~1\MYPROJ~1\EINK-P~1\Firmware\8MHZ_L~1\ARDUIN~1\ARDUIN~1\Debug\libArduinoCore.a(wiring_digital.o)
 .debug_aranges
                0x000003e0      0x2b8 C:\Users\krist\DOCUME~1\MYPROJ~1\EINK-P~1\Firmware\8MHZ_L~1\ARDUIN~1\ARDUIN~1\Debug\libArduinoCore.a(WString.o)
 .debug_aranges
                0x00000698       0x20 C:\Users\krist\DOCUME~1\MYPROJ~1\EINK-P~1\Firmware\8MHZ_L~1\ARDUIN~1\ARDUIN~1\Debug\libArduinoCore.a(hooks.o)

.debug_pubnames
 *(.debug_pubnames)

.debug_info     0x00000000     0xe8b5
 *(.debug_info .gnu.linkonce.wi.*)
 .debug_info    0x00000000      0x5f4 C:/Program Files (x86)/Atmel/Studio/7.0/Packs/atmel/ATmega_DFP/1.6.364/gcc/dev/atmega328p/avr5/crtatmega328p.o
 .debug_info    0x000005f4     0x113d epd.o
 .debug_info    0x00001731      0x81f LowPower.o
 .debug_info    0x00001f50     0x1776 Sketch.o
 .debug_info    0x000036c6     0x1f64 C:\Users\krist\DOCUME~1\MYPROJ~1\EINK-P~1\Firmware\8MHZ_L~1\ARDUIN~1\ARDUIN~1\Debug\libArduinoCore.a(HardwareSerial.o)
 .debug_info    0x0000562a     0x1b16 C:\Users\krist\DOCUME~1\MYPROJ~1\EINK-P~1\Firmware\8MHZ_L~1\ARDUIN~1\ARDUIN~1\Debug\libArduinoCore.a(HardwareSerial0.o)
 .debug_info    0x00007140      0x237 C:\Users\krist\DOCUME~1\MYPROJ~1\EINK-P~1\Firmware\8MHZ_L~1\ARDUIN~1\ARDUIN~1\Debug\libArduinoCore.a(main.o)
 .debug_info    0x00007377     0x28ff C:\Users\krist\DOCUME~1\MYPROJ~1\EINK-P~1\Firmware\8MHZ_L~1\ARDUIN~1\ARDUIN~1\Debug\libArduinoCore.a(Print.o)
 .debug_info    0x00009c76      0x2cb C:\Users\krist\DOCUME~1\MYPROJ~1\EINK-P~1\Firmware\8MHZ_L~1\ARDUIN~1\ARDUIN~1\Debug\libArduinoCore.a(wiring.o)
 .debug_info    0x00009f41      0x5fe C:\Users\krist\DOCUME~1\MYPROJ~1\EINK-P~1\Firmware\8MHZ_L~1\ARDUIN~1\ARDUIN~1\Debug\libArduinoCore.a(wiring_digital.o)
 .debug_info    0x0000a53f     0x4338 C:\Users\krist\DOCUME~1\MYPROJ~1\EINK-P~1\Firmware\8MHZ_L~1\ARDUIN~1\ARDUIN~1\Debug\libArduinoCore.a(WString.o)
 .debug_info    0x0000e877       0x3e C:\Users\krist\DOCUME~1\MYPROJ~1\EINK-P~1\Firmware\8MHZ_L~1\ARDUIN~1\ARDUIN~1\Debug\libArduinoCore.a(hooks.o)

.debug_abbrev   0x00000000     0x2467
 *(.debug_abbrev)
 .debug_abbrev  0x00000000      0x5a2 C:/Program Files (x86)/Atmel/Studio/7.0/Packs/atmel/ATmega_DFP/1.6.364/gcc/dev/atmega328p/avr5/crtatmega328p.o
 .debug_abbrev  0x000005a2      0x36f epd.o
 .debug_abbrev  0x00000911      0x24c LowPower.o
 .debug_abbrev  0x00000b5d      0x351 Sketch.o
 .debug_abbrev  0x00000eae      0x4b7 C:\Users\krist\DOCUME~1\MYPROJ~1\EINK-P~1\Firmware\8MHZ_L~1\ARDUIN~1\ARDUIN~1\Debug\libArduinoCore.a(HardwareSerial.o)
 .debug_abbrev  0x00001365      0x3ce C:\Users\krist\DOCUME~1\MYPROJ~1\EINK-P~1\Firmware\8MHZ_L~1\ARDUIN~1\ARDUIN~1\Debug\libArduinoCore.a(HardwareSerial0.o)
 .debug_abbrev  0x00001733      0x12d C:\Users\krist\DOCUME~1\MYPROJ~1\EINK-P~1\Firmware\8MHZ_L~1\ARDUIN~1\ARDUIN~1\Debug\libArduinoCore.a(main.o)
 .debug_abbrev  0x00001860      0x47a C:\Users\krist\DOCUME~1\MYPROJ~1\EINK-P~1\Firmware\8MHZ_L~1\ARDUIN~1\ARDUIN~1\Debug\libArduinoCore.a(Print.o)
 .debug_abbrev  0x00001cda      0x146 C:\Users\krist\DOCUME~1\MYPROJ~1\EINK-P~1\Firmware\8MHZ_L~1\ARDUIN~1\ARDUIN~1\Debug\libArduinoCore.a(wiring.o)
 .debug_abbrev  0x00001e20      0x15b C:\Users\krist\DOCUME~1\MYPROJ~1\EINK-P~1\Firmware\8MHZ_L~1\ARDUIN~1\ARDUIN~1\Debug\libArduinoCore.a(wiring_digital.o)
 .debug_abbrev  0x00001f7b      0x4c2 C:\Users\krist\DOCUME~1\MYPROJ~1\EINK-P~1\Firmware\8MHZ_L~1\ARDUIN~1\ARDUIN~1\Debug\libArduinoCore.a(WString.o)
 .debug_abbrev  0x0000243d       0x2a C:\Users\krist\DOCUME~1\MYPROJ~1\EINK-P~1\Firmware\8MHZ_L~1\ARDUIN~1\ARDUIN~1\Debug\libArduinoCore.a(hooks.o)

.debug_line     0x00000000     0x3ccd
 *(.debug_line .debug_line.* .debug_line_end)
 .debug_line    0x00000000      0x134 C:/Program Files (x86)/Atmel/Studio/7.0/Packs/atmel/ATmega_DFP/1.6.364/gcc/dev/atmega328p/avr5/crtatmega328p.o
 .debug_line    0x00000134      0xb31 epd.o
 .debug_line    0x00000c65      0x5e9 LowPower.o
 .debug_line    0x0000124e      0x2b9 Sketch.o
 .debug_line    0x00001507      0x4c4 C:\Users\krist\DOCUME~1\MYPROJ~1\EINK-P~1\Firmware\8MHZ_L~1\ARDUIN~1\ARDUIN~1\Debug\libArduinoCore.a(HardwareSerial.o)
 .debug_line    0x000019cb      0x28c C:\Users\krist\DOCUME~1\MYPROJ~1\EINK-P~1\Firmware\8MHZ_L~1\ARDUIN~1\ARDUIN~1\Debug\libArduinoCore.a(HardwareSerial0.o)
 .debug_line    0x00001c57      0x165 C:\Users\krist\DOCUME~1\MYPROJ~1\EINK-P~1\Firmware\8MHZ_L~1\ARDUIN~1\ARDUIN~1\Debug\libArduinoCore.a(main.o)
 .debug_line    0x00001dbc      0x685 C:\Users\krist\DOCUME~1\MYPROJ~1\EINK-P~1\Firmware\8MHZ_L~1\ARDUIN~1\ARDUIN~1\Debug\libArduinoCore.a(Print.o)
 .debug_line    0x00002441      0x299 C:\Users\krist\DOCUME~1\MYPROJ~1\EINK-P~1\Firmware\8MHZ_L~1\ARDUIN~1\ARDUIN~1\Debug\libArduinoCore.a(wiring.o)
 .debug_line    0x000026da      0x252 C:\Users\krist\DOCUME~1\MYPROJ~1\EINK-P~1\Firmware\8MHZ_L~1\ARDUIN~1\ARDUIN~1\Debug\libArduinoCore.a(wiring_digital.o)
 .debug_line    0x0000292c     0x1360 C:\Users\krist\DOCUME~1\MYPROJ~1\EINK-P~1\Firmware\8MHZ_L~1\ARDUIN~1\ARDUIN~1\Debug\libArduinoCore.a(WString.o)
 .debug_line    0x00003c8c       0x41 C:\Users\krist\DOCUME~1\MYPROJ~1\EINK-P~1\Firmware\8MHZ_L~1\ARDUIN~1\ARDUIN~1\Debug\libArduinoCore.a(hooks.o)

.debug_frame    0x00000000     0x15f4
 *(.debug_frame)
 .debug_frame   0x00000000      0x320 epd.o
 .debug_frame   0x00000320       0xcc LowPower.o
 .debug_frame   0x000003ec       0x54 Sketch.o
 .debug_frame   0x00000440      0x110 C:\Users\krist\DOCUME~1\MYPROJ~1\EINK-P~1\Firmware\8MHZ_L~1\ARDUIN~1\ARDUIN~1\Debug\libArduinoCore.a(HardwareSerial.o)
 .debug_frame   0x00000550       0xe0 C:\Users\krist\DOCUME~1\MYPROJ~1\EINK-P~1\Firmware\8MHZ_L~1\ARDUIN~1\ARDUIN~1\Debug\libArduinoCore.a(HardwareSerial0.o)
 .debug_frame   0x00000630       0x54 C:\Users\krist\DOCUME~1\MYPROJ~1\EINK-P~1\Firmware\8MHZ_L~1\ARDUIN~1\ARDUIN~1\Debug\libArduinoCore.a(main.o)
 .debug_frame   0x00000684      0x3ac C:\Users\krist\DOCUME~1\MYPROJ~1\EINK-P~1\Firmware\8MHZ_L~1\ARDUIN~1\ARDUIN~1\Debug\libArduinoCore.a(Print.o)
 .debug_frame   0x00000a30       0xc4 C:\Users\krist\DOCUME~1\MYPROJ~1\EINK-P~1\Firmware\8MHZ_L~1\ARDUIN~1\ARDUIN~1\Debug\libArduinoCore.a(wiring.o)
 .debug_frame   0x00000af4       0x7c C:\Users\krist\DOCUME~1\MYPROJ~1\EINK-P~1\Firmware\8MHZ_L~1\ARDUIN~1\ARDUIN~1\Debug\libArduinoCore.a(wiring_digital.o)
 .debug_frame   0x00000b70      0xa60 C:\Users\krist\DOCUME~1\MYPROJ~1\EINK-P~1\Firmware\8MHZ_L~1\ARDUIN~1\ARDUIN~1\Debug\libArduinoCore.a(WString.o)
 .debug_frame   0x000015d0       0x24 C:\Users\krist\DOCUME~1\MYPROJ~1\EINK-P~1\Firmware\8MHZ_L~1\ARDUIN~1\ARDUIN~1\Debug\libArduinoCore.a(hooks.o)

.debug_str      0x00000000     0x2b8d
 *(.debug_str)
 .debug_str     0x00000000      0x208 C:/Program Files (x86)/Atmel/Studio/7.0/Packs/atmel/ATmega_DFP/1.6.364/gcc/dev/atmega328p/avr5/crtatmega328p.o
 .debug_str     0x00000208      0x73a epd.o
                                0x7b3 (size before relaxing)
 .debug_str     0x00000942      0x3f5 LowPower.o
                                0x604 (size before relaxing)
 .debug_str     0x00000d37      0xbab Sketch.o
                               0x1025 (size before relaxing)
 .debug_str     0x000018e2      0x7df C:\Users\krist\DOCUME~1\MYPROJ~1\EINK-P~1\Firmware\8MHZ_L~1\ARDUIN~1\ARDUIN~1\Debug\libArduinoCore.a(HardwareSerial.o)
                               0x161a (size before relaxing)
 .debug_str     0x000020c1       0x86 C:\Users\krist\DOCUME~1\MYPROJ~1\EINK-P~1\Firmware\8MHZ_L~1\ARDUIN~1\ARDUIN~1\Debug\libArduinoCore.a(HardwareSerial0.o)
                               0x140d (size before relaxing)
 .debug_str     0x00002147       0x37 C:\Users\krist\DOCUME~1\MYPROJ~1\EINK-P~1\Firmware\8MHZ_L~1\ARDUIN~1\ARDUIN~1\Debug\libArduinoCore.a(main.o)
                                0x2b9 (size before relaxing)
 .debug_str     0x0000217e      0x3ec C:\Users\krist\DOCUME~1\MYPROJ~1\EINK-P~1\Firmware\8MHZ_L~1\ARDUIN~1\ARDUIN~1\Debug\libArduinoCore.a(Print.o)
                               0x1247 (size before relaxing)
 .debug_str     0x0000256a      0x14a C:\Users\krist\DOCUME~1\MYPROJ~1\EINK-P~1\Firmware\8MHZ_L~1\ARDUIN~1\ARDUIN~1\Debug\libArduinoCore.a(wiring.o)
                                0x24f (size before relaxing)
 .debug_str     0x000026b4       0xc2 C:\Users\krist\DOCUME~1\MYPROJ~1\EINK-P~1\Firmware\8MHZ_L~1\ARDUIN~1\ARDUIN~1\Debug\libArduinoCore.a(wiring_digital.o)
                                0x2b4 (size before relaxing)
 .debug_str     0x00002776      0x3fb C:\Users\krist\DOCUME~1\MYPROJ~1\EINK-P~1\Firmware\8MHZ_L~1\ARDUIN~1\ARDUIN~1\Debug\libArduinoCore.a(WString.o)
                               0x119a (size before relaxing)
 .debug_str     0x00002b71       0x1c C:\Users\krist\DOCUME~1\MYPROJ~1\EINK-P~1\Firmware\8MHZ_L~1\ARDUIN~1\ARDUIN~1\Debug\libArduinoCore.a(hooks.o)
                                0x144 (size before relaxing)

.debug_loc      0x00000000     0x8276
 *(.debug_loc)
 .debug_loc     0x00000000      0xee3 epd.o
 .debug_loc     0x00000ee3      0x5a3 LowPower.o
 .debug_loc     0x00001486       0x17 Sketch.o
 .debug_loc     0x0000149d      0x4dc C:\Users\krist\DOCUME~1\MYPROJ~1\EINK-P~1\Firmware\8MHZ_L~1\ARDUIN~1\ARDUIN~1\Debug\libArduinoCore.a(HardwareSerial.o)
 .debug_loc     0x00001979      0x1b0 C:\Users\krist\DOCUME~1\MYPROJ~1\EINK-P~1\Firmware\8MHZ_L~1\ARDUIN~1\ARDUIN~1\Debug\libArduinoCore.a(HardwareSerial0.o)
 .debug_loc     0x00001b29     0x1c87 C:\Users\krist\DOCUME~1\MYPROJ~1\EINK-P~1\Firmware\8MHZ_L~1\ARDUIN~1\ARDUIN~1\Debug\libArduinoCore.a(Print.o)
 .debug_loc     0x000037b0      0x28d C:\Users\krist\DOCUME~1\MYPROJ~1\EINK-P~1\Firmware\8MHZ_L~1\ARDUIN~1\ARDUIN~1\Debug\libArduinoCore.a(wiring.o)
 .debug_loc     0x00003a3d      0x5fc C:\Users\krist\DOCUME~1\MYPROJ~1\EINK-P~1\Firmware\8MHZ_L~1\ARDUIN~1\ARDUIN~1\Debug\libArduinoCore.a(wiring_digital.o)
 .debug_loc     0x00004039     0x423d C:\Users\krist\DOCUME~1\MYPROJ~1\EINK-P~1\Firmware\8MHZ_L~1\ARDUIN~1\ARDUIN~1\Debug\libArduinoCore.a(WString.o)

.debug_macinfo
 *(.debug_macinfo)

.debug_weaknames
 *(.debug_weaknames)

.debug_funcnames
 *(.debug_funcnames)

.debug_typenames
 *(.debug_typenames)

.debug_varnames
 *(.debug_varnames)

.debug_pubtypes
 *(.debug_pubtypes)

.debug_ranges   0x00000000      0x6a0
 *(.debug_ranges)
 .debug_ranges  0x00000000      0x100 epd.o
 .debug_ranges  0x00000100       0x40 LowPower.o
 .debug_ranges  0x00000140       0x28 Sketch.o
 .debug_ranges  0x00000168       0x58 C:\Users\krist\DOCUME~1\MYPROJ~1\EINK-P~1\Firmware\8MHZ_L~1\ARDUIN~1\ARDUIN~1\Debug\libArduinoCore.a(HardwareSerial.o)
 .debug_ranges  0x000001c0       0x38 C:\Users\krist\DOCUME~1\MYPROJ~1\EINK-P~1\Firmware\8MHZ_L~1\ARDUIN~1\ARDUIN~1\Debug\libArduinoCore.a(HardwareSerial0.o)
 .debug_ranges  0x000001f8       0x20 C:\Users\krist\DOCUME~1\MYPROJ~1\EINK-P~1\Firmware\8MHZ_L~1\ARDUIN~1\ARDUIN~1\Debug\libArduinoCore.a(main.o)
 .debug_ranges  0x00000218      0x120 C:\Users\krist\DOCUME~1\MYPROJ~1\EINK-P~1\Firmware\8MHZ_L~1\ARDUIN~1\ARDUIN~1\Debug\libArduinoCore.a(Print.o)
 .debug_ranges  0x00000338       0x38 C:\Users\krist\DOCUME~1\MYPROJ~1\EINK-P~1\Firmware\8MHZ_L~1\ARDUIN~1\ARDUIN~1\Debug\libArduinoCore.a(wiring.o)
 .debug_ranges  0x00000370       0x28 C:\Users\krist\DOCUME~1\MYPROJ~1\EINK-P~1\Firmware\8MHZ_L~1\ARDUIN~1\ARDUIN~1\Debug\libArduinoCore.a(wiring_digital.o)
 .debug_ranges  0x00000398      0x2f8 C:\Users\krist\DOCUME~1\MYPROJ~1\EINK-P~1\Firmware\8MHZ_L~1\ARDUIN~1\ARDUIN~1\Debug\libArduinoCore.a(WString.o)
 .debug_ranges  0x00000690       0x10 C:\Users\krist\DOCUME~1\MYPROJ~1\EINK-P~1\Firmware\8MHZ_L~1\ARDUIN~1\ARDUIN~1\Debug\libArduinoCore.a(hooks.o)

.debug_macro
 *(.debug_macro)
OUTPUT(src.elf elf32-avr)
LOAD linker stubs
